.p 31
ABCDFG
ABCD'FG'
ABCE'FG
ABC'DE'F'
ABC'D'EF
ABC'D'FG
ABDF'G'
ABD'EFG'
ABD'E'FG
AB'CDE'G'
AB'CD'EF'G'
AB'CD'E'F'G
AB'C'DF'G
AB'C'D'FG'
AB'C'E'FG'

.mc 15
ABCDFG
ABCD'FG'
ABC'D'FG
ABDF'G'
AB'CD'EF'G'
AB'CD'E'F'G
AB'C'D'FG'
AB'DE'FG'
AC'DE'F'G
A'BCE'FG'
A'BC'DEFG'
A'BC'DE'G
A'B'CDFG
BCD'E'F
B'C'DEF'G
literal=91