.p 51
ABCDEGH
ABCD'EF'G'
ABCD'EG'H'
ABCEF'G'H'
ABC'D'EG'H
ABC'D'E'GH'
ABD'EF'G'H
AB'CDE'FGH
AB'CDE'FG'H'
AB'CDF'GH'
AB'CD'F'GH
AB'C'DEF'G
AB'C'DEGH
AB'DEF'GH'
ACDE'F'GH'

.mc 25
ABCDEGH
ABCD'EG'H'
ABCEF'G'H'
ABC'D'EG'H
ABC'D'E'GH'
AB'CDE'FGH
AB'CD'F'GH
AB'C'DEGH
AB'DEF'GH'
ACDE'F'GH'
A'BCDFG'H'
A'BCE'FGH'
A'BCE'F'GH
A'BC'DEF'H'
A'BC'EF'GH'
A'BC'E'F'G'H
A'BDE'FG'H'
A'BD'E'FGH'
A'B'CDE'F'G
A'B'CDE'F'H
A'B'D'EFGH'
A'CD'EF'G'H
BCD'E'GH
B'C'DEF'GH
B'C'D'EFG'H
literal=175