1 1.341497 1.23%

2 1.194492 1.97%

3 1.120384 2.62%

