g1 1 0.019133 0.036105
g2 0 0.022635 0.033406
g3 1 0.052093 0.079336
g4 1 0.030480 0.052277
g5 0 0.037376 0.084183
g6 0 0.041380 0.049434
g7 0 0.043873 0.096767
g8 1 0.080988 0.129545
g9 1 0.066306 0.075579
g10 1 0.083570 0.093555

g1 0 0.022268 0.031807
g2 0 0.022635 0.033406
g3 1 0.051284 0.078432
g4 1 0.030480 0.052277
g5 1 0.048322 0.051629
g6 0 0.041183 0.049218
g7 0 0.043873 0.096767
g8 0 0.052087 0.098735
g9 1 0.066237 0.075480
g10 0 0.047563 0.110241

g1 0 0.022268 0.031807
g2 0 0.022635 0.033406
g3 1 0.051284 0.078432
g4 1 0.030480 0.052277
g5 0 0.024860 0.061474
g6 0 0.041183 0.049218
g7 0 0.043873 0.096767
g8 1 0.071442 0.118372
g9 1 0.066237 0.075480
g10 1 0.083570 0.093555

