1 0.070364 1.43%

2 0.035643 1.43%

3 0.057907 2.86%

4 0.064393 4.29%

