1 0.120934 1.50%

2 0.086603 2.50%

3 0.085281 3.25%

